// Jest Snapshot v1, https://goo.gl/fbAQLP

exports[`should render ExpenseDashboardPage correctly 1`] = `
<div>
  <Connect(GroupListSummary) />
  <Connect(GroupListFilters) />
  <Connect(GroupList) />
</div>
`;
